// Jest Snapshot v1, https://goo.gl/fbAQLP

exports[`>>> Set Password Component Snapshot +++capturing Snapshot with 1`] = `
<div
  className="setPassword"
>
  <form
    onSubmit={[Function]}
  >
    <Row
      bsClass="row"
      componentClass="div"
    >
      <Col
        bsClass="col"
        componentClass="div"
        lg={6}
        md={6}
        sm={6}
        xs={6}
      >
        <FormGroup
          bsClass="form-group"
          controlId="password"
        >
          <ControlLabel
            bsClass="control-label"
            srOnly={false}
          >
            Password
          </ControlLabel>
          <FormControl
            bsClass="form-control"
            componentClass="input"
            id="password"
            label="Text"
            onChange={[Function]}
            type="password"
          />
          <HelpBlock
            bsClass="help-block"
            className=""
          >
            Please conform to password standards.
          </HelpBlock>
        </FormGroup>
        <FormGroup
          bsClass="form-group"
          controlId="confirmPassword"
        >
          <ControlLabel
            bsClass="control-label"
            srOnly={false}
          >
            Confirm Password
          </ControlLabel>
          <FormControl
            bsClass="form-control"
            componentClass="input"
            id="confirmPassword"
            label="Text"
            onChange={[Function]}
            type="password"
          />
        </FormGroup>
      </Col>
      <Col
        bsClass="col"
        componentClass="div"
        lg={6}
        md={6}
        sm={6}
        xs={6}
      >
        <div
          className="pwdRequirements"
        >
          <h4>
            Must contain:
          </h4>
          <div>
            <div />
             At least 8 characters
          </div>
          <div>
            <div />
             A number
          </div>
          <div>
            <div />
             A special character
          </div>
          <div>
            <div />
             Both upper & lowercase letters
          </div>
        </div>
      </Col>
    </Row>
    <Row
      bsClass="row"
      className="passwordSetSubmit"
      componentClass="div"
    >
      <Button
        active={false}
        block={false}
        bsClass="btn"
        bsStyle="default"
        disabled={true}
        type="submit"
      >
        Set Password
      </Button>
    </Row>
  </form>
</div>
`;
