// Jest Snapshot v1, https://goo.gl/fbAQLP

exports[`>>> QuoteBlock Component --- Snapshot +++ tests OI Quote with 1`] = `
<div
  className="quoteBlock oi primaryPricing"
>
  <h4>
    Owners Interest (standard rate)
  </h4>
  <ToggleDisplay
    render={[Function]}
    show={true}
  />
  <ToggleDisplay
    render={[Function]}
  />
  <ToggleDisplay
    render={[Function]}
    show={true}
  />
  <ToggleDisplay
    render={[Function]}
    show={true}
  />
</div>
`;
