// Jest Snapshot v1, https://goo.gl/fbAQLP

exports[`>>> AllSet Component Snapshot +++capturing Snapshot with 1`] = `
<div
  className="allSet"
>
  <i
    aria-hidden="true"
    className="fa fa-check-circle fa-3"
  />
  <p>
     View Your homepage to create and edit submissions. 
  </p>
  <Button
    active={false}
    block={false}
    bsClass="btn"
    bsStyle="default"
    disabled={false}
    onClick={[Function]}
  >
    View Hompeage
  </Button>
</div>
`;
