// Jest Snapshot v1, https://goo.gl/fbAQLP

exports[`>>> SubmissionView --- Snapshot +++capturing Snapshot with 1`] = `
<div>
  <h3>
    Your Submissions
  </h3>
  <BootstrapTable
    bodyContainerClass={null}
    bordered={true}
    cellEdit={
      Object {
        "afterSaveCell": undefined,
        "beforeSaveCell": undefined,
        "blurToSave": false,
        "mode": "none",
        "nonEditableRows": undefined,
      }
    }
    columnFilter={false}
    condensed={true}
    containerClass={null}
    csvFileName="spreadsheet.csv"
    data={
      Array [
        Object {
          "_id": "59413679bafa390001ced695",
          "dateCreated": "06-14-17 09:13am",
          "dateUpdated": "06-14-17 09:13am",
          "primaryInsuredName": "Andriy Kulak",
          "quoteStatus": "Yes",
          "quotedPremium": "$21,612",
          "totalCost": "$23,213,234",
          "totalPremium": "$22,693",
          "type": "ocp",
          "updatedAt": "2017-06-14T13:13:29.776Z",
        },
      ]
    }
    deleteRow={false}
    exportCSV={false}
    fetchInfo={
      Object {
        "dataTotalSize": 0,
      }
    }
    headerContainerClass={null}
    height="100%"
    hover={false}
    ignoreSinglePage={false}
    insertRow={false}
    multiColumnSearch={true}
    multiColumnSort={1}
    options={
      Object {
        "defaultSortName": "updatedAt",
        "defaultSortOrder": "desc",
      }
    }
    pagination={true}
    printable={false}
    search={true}
    selectRow={
      Object {
        "bgColor": "",
        "clickToExpand": false,
        "clickToSelect": false,
        "clickToSelectAndEditCell": false,
        "customComponent": undefined,
        "hideSelectColumn": false,
        "mode": "none",
        "onSelect": undefined,
        "onSelectAll": undefined,
        "selected": Array [],
        "showOnlySelected": false,
        "unselectable": Array [],
      }
    }
    striped={false}
    tableBodyClass={null}
    tableContainerClass={null}
    tableHeaderClass={null}
    trClassName="submissionHover"
  >
    <TableHeaderColumn
      className=""
      columnClassName=""
      columnTitle={false}
      dataAlign="left"
      dataField="_id"
      dataSort={false}
      editColumnClassName=""
      editable={true}
      expandable={true}
      filterFormatted={false}
      headerTitle={true}
      hidden={true}
      hiddenOnInsert={false}
      invalidEditColumnClassName=""
      isKey={true}
      searchable={true}
      sortIndicator={true}
      width={null}
    />
    <TableHeaderColumn
      className=""
      columnClassName=""
      columnTitle={false}
      dataAlign="left"
      dataField="updatedAt"
      dataSort={false}
      editColumnClassName=""
      editable={true}
      expandable={true}
      filterFormatted={false}
      headerTitle={true}
      hidden={true}
      hiddenOnInsert={false}
      invalidEditColumnClassName=""
      isKey={false}
      searchable={true}
      sortIndicator={true}
      width={null}
    />
    <TableHeaderColumn
      className=""
      columnClassName=""
      columnTitle={false}
      dataAlign="left"
      dataField="primaryInsuredName"
      dataSort={true}
      editColumnClassName=""
      editable={true}
      expandable={true}
      filterFormatted={false}
      headerTitle={true}
      hidden={false}
      hiddenOnInsert={false}
      invalidEditColumnClassName=""
      isKey={false}
      searchable={true}
      sortIndicator={true}
      width="100px"
    >
      Primary Named Insured
    </TableHeaderColumn>
    <TableHeaderColumn
      className=""
      columnClassName=""
      columnTitle={false}
      dataAlign="left"
      dataField="quoteStatus"
      dataSort={true}
      editColumnClassName=""
      editable={true}
      expandable={true}
      filterFormatted={false}
      headerTitle={true}
      hidden={false}
      hiddenOnInsert={false}
      invalidEditColumnClassName=""
      isKey={false}
      searchable={true}
      sortIndicator={true}
      width="35px"
    >
      Was 
      <br />
      Submission 
      <br />
      Priced?
    </TableHeaderColumn>
    <TableHeaderColumn
      className=""
      columnClassName=""
      columnTitle={false}
      dataAlign="left"
      dataField="quotedPremium"
      dataSort={true}
      editColumnClassName=""
      editable={true}
      expandable={true}
      filterFormatted={false}
      headerTitle={true}
      hidden={false}
      hiddenOnInsert={false}
      invalidEditColumnClassName=""
      isKey={false}
      searchable={true}
      sortIndicator={true}
      width="40px"
    >
      Quoted 
      <br />
      Premium
    </TableHeaderColumn>
    <TableHeaderColumn
      className=""
      columnClassName=""
      columnTitle={false}
      dataAlign="left"
      dataField="totalCost"
      dataSort={true}
      editColumnClassName=""
      editable={true}
      expandable={true}
      filterFormatted={false}
      headerTitle={true}
      hidden={false}
      hiddenOnInsert={false}
      invalidEditColumnClassName=""
      isKey={false}
      searchable={true}
      sortIndicator={true}
      width="40px"
    >
      Total 
      <br />
      Cost
    </TableHeaderColumn>
    <TableHeaderColumn
      className=""
      columnClassName=""
      columnTitle={false}
      dataAlign="left"
      dataField="totalPremium"
      dataSort={true}
      editColumnClassName=""
      editable={true}
      expandable={true}
      filterFormatted={false}
      headerTitle={true}
      hidden={false}
      hiddenOnInsert={false}
      invalidEditColumnClassName=""
      isKey={false}
      searchable={true}
      sortIndicator={true}
      width="40px"
    >
      Total 
      <br />
      Premium
    </TableHeaderColumn>
    <TableHeaderColumn
      className=""
      columnClassName=""
      columnTitle={false}
      dataAlign="left"
      dataField="type"
      dataSort={true}
      editColumnClassName=""
      editable={true}
      expandable={true}
      filterFormatted={false}
      headerTitle={true}
      hidden={false}
      hiddenOnInsert={false}
      invalidEditColumnClassName=""
      isKey={false}
      searchable={true}
      sortIndicator={true}
      width="20px"
    >
      Type
    </TableHeaderColumn>
    <TableHeaderColumn
      className=""
      columnClassName=""
      columnTitle={false}
      dataAlign="left"
      dataField="dateCreated"
      dataSort={true}
      editColumnClassName=""
      editable={true}
      expandable={true}
      filterFormatted={false}
      headerTitle={true}
      hidden={false}
      hiddenOnInsert={false}
      invalidEditColumnClassName=""
      isKey={false}
      searchable={true}
      sortIndicator={true}
      width="55px"
    >
      Date 
      <br />
      Created
    </TableHeaderColumn>
    <TableHeaderColumn
      className=""
      columnClassName=""
      columnTitle={false}
      dataAlign="left"
      dataField="dateUpdated"
      dataSort={true}
      editColumnClassName=""
      editable={true}
      expandable={true}
      filterFormatted={false}
      headerTitle={true}
      hidden={false}
      hiddenOnInsert={false}
      invalidEditColumnClassName=""
      isKey={false}
      searchable={true}
      sortIndicator={true}
      width="55px"
    >
      Date 
      <br />
      Updated
    </TableHeaderColumn>
  </BootstrapTable>
</div>
`;
